ALS-DOF FAILURE AUDIT
======================

Timestamp: 2026-09-17
Puzzle: .1..3.2.6.....4...832561794.7.6458..6..9.7..5..5.1..6774...61.8...4...7...817..4.

This audit was run against the repository source. The earlier verifier-only
audit was insufficient because it verified only records already accepted by
the finder, and its expected-elimination calculation reused the finder rules.
This report separately checks the unique DLX solution and recomputes RCC
relations from the candidate grid.

BEFORE CORRECTION
-----------------
ALS records used: 748
Returned results: 3136 (hub: 32, DDS: 3104)
Unique DLX solution: 1
Returned eliminations that matched the actual solution: 2595
  DDS / S locked: 1730
  DDS / A intersection S: 865

Representative illegal result 1:
  Hub ALS {45789} r1c14
  Auxiliary ALS {123459} r2c1,r4c1,r6c1,r8c1,r9c1
  Auxiliary ALS {13479} r1c3,r4c3,r5c3,r7c3
  Auxiliary ALS {238} r6c4,r7c4
  Reported: r2c4<>8
  Actual solution: r2c4=8
  Cause: the code treated the shared 8 between the hub and ALS {238} as
  an eliminable RCC digit. A single RCC supplies a restriction; it does not
  eliminate itself. This pair also has no second shared digit for ALS-XZ.

Representative illegal result 2:
  Hub ALS {45789} r1c14
  Auxiliary ALS {589} r1c6,r1c8
  Auxiliary ALS {23489} r6c1,r6c2,r6c4,r6c6
  Auxiliary ALS {13479} r1c3,r4c3,r5c3,r7c3
  Reported: r5c3<>1
  Actual solution: r5c3=1
  Cause: the code treated digit 1 as locked to an auxiliary merely because
  it occurred in only one selected auxiliary. That ownership alone does not
  force an outside elimination.

The RCC finder also accepted shared digits occurring in multiple cells on
one or both ALSs. That is not a standard single-candidate RCC.

CORRECTION APPLIED
------------------
1. A shared digit is accepted as an RCC only when it occurs exactly once in
   each ALS and those two cells see each other.
2. DDS no longer eliminates the RCC digit itself.
3. DDS no longer treats auxiliary-only digits as locked solely by ownership.
4. Internal ALS-XZ records remain available when they provide their own
   restricted digit, second shared digit, and peer witness.

AFTER CORRECTION
----------------
ALS records used: 748
Returned results: 18 (hub: 15, DDS: 3)
Finder truncated: false
Verifier failures: 0
Returned eliminations matching the unique solution: 0
Returned eliminations missing from the raw candidate grid: 0
Remaining internalized ALS-XZ eliminations: 3

SEARCH ATTEMPTS AFTER CORRECTION
--------------------------------
Hub rows examined: 2754
  insufficient auxiliary candidates: 1137
  duplicate-RCC branches skipped: 41711
  overlapping-ALS branches skipped: 13501
  terminal selections: 6751
  reported: 15
  structurally valid but no common-peer elimination: 6736

DDS rows examined: 515
  insufficient auxiliary candidates: 59
  overlapping-ALS branches skipped: 37184
  branches with no new RCC coverage: 22424
  terminal selections: 22611
  incomplete RCC coverage: 22374
  reported: 3
  complete selections with no remaining internal ALS-XZ elimination: 234

WHAT THE FAILED CASES MEAN
--------------------------
These are search candidates, not proof failures:

* Insufficient candidates: the hub DOF could not be supplied by enough
  disjoint auxiliary ALSs.
* Duplicate RCC: two selected auxiliaries used the same restricted digit.
* Overlap: selected ALS cell sets were not disjoint.
* Incomplete coverage: the auxiliary RCC union did not cover every hub digit.
* No common-peer elimination: the structure passed its shape filters but
  no candidate saw every required source occurrence.
* Complete DDS with no internal ALS-XZ: the net had RCC coverage but no
  separately justified elimination survived.

POSTED r8c1<>9 LINE
-------------------
The exact four-ALS structure was not present in the untouched candidate
snapshot, and after the correction r8c1<>9 is not returned from that initial
snapshot. The posted line therefore needs the candidate grid from the step
where it was displayed before it can be validated exactly. Its absence here
does not prove the later-state line is invalid.

CONCLUSION
----------
The old DDS output was not logically safe. The verifier was blocking malformed
records only after the finder had already encoded the same incorrect rules.
The corrected run finds no solution-killing elimination on this puzzle, but
this is an instance-level falsification audit, not a general proof of every
higher-DOF ALS theorem.
